11:43:28 **** Incremental Build of configuration Debug for project bl ****
make -j4 all 
arm-none-eabi-gcc -o "bl.elf" @"objects.list"   -mcpu=cortex-m4 -T"/opt/STM32CubeIDE/privateBL/bl/STM32F429ZITX_FLASH.ld" --specs=nosys.specs -Wl,-Map="bl.map" -Wl,--gc-sections -static --specs=nano.specs -mfpu=fpv4-sp-d16 -mfloat-abi=hard -mthumb -Wl,--start-group -lc -lm -Wl,--end-group
Finished building target: bl.elf
 
arm-none-eabi-size   bl.elf 
arm-none-eabi-objdump -h -S  bl.elf  > "bl.list"
arm-none-eabi-objcopy  -O binary  bl.elf  "bl.bin"
   text	   data	    bss	    dec	    hex	filename
  13052	    120	   1656	  14828	   39ec	bl.elf
Finished building: default.size.stdout
 
Finished building: bl.bin
 
Finished building: bl.list
 
11:56:08 **** Incremental Build of configuration Debug for project bl ****
make -j4 all 
arm-none-eabi-size   bl.elf 
   text	   data	    bss	    dec	    hex	filename
  13052	    120	   1656	  14828	   39ec	bl.elf
Finished building: default.size.stdout
 
11:59:31 **** Incremental Build of configuration Debug for project app ****
make -j4 all 
arm-none-eabi-size   app.elf 
   text	   data	    bss	    dec	    hex	filename
  12756	    120	   1656	  14532	   38c4	app.elf
Finished building: default.size.stdout
 
